// Jest Snapshot v1, https://goo.gl/fbAQLP

exports[`Tabs renders correctly 1`] = `
<div>
  我是标题new
</div>
`;
